1 COMMENT //
3 INT int
3 ID main
3 LPAREN (
3 RPAREN )
3 LBRACE {
4 ID print
4 LPAREN (
Error unclosed string
